1772251738.523350 client started (15100): version 3.6a-win32, socket tmux-DINH MANH-default, protocol 8
1772251738.534278 on Windows 10 Native
1772251738.534278 using libevent 2.2.0-alpha-dev win32
1772251738.536571 flags are 0x18010000
1772251738.537012 connecting to server label tmux-DINH MANH-default
1772251738.537517 add peer 0000029EEF63E0C0: 392 (0000000000000000)
1772251738.537517 sending message 111 to peer 0000029EEF63E0C0 (8 bytes)
1772251738.537517 sending message 111 to peer 0000029EEF63E0C0 (8 bytes)
1772251738.538430 sending message 101 to peer 0000029EEF63E0C0 (15 bytes)
1772251738.538430 sending message 109 to peer 0000029EEF63E0C0 (4 bytes)
1772251738.538430 sending message 102 to peer 0000029EEF63E0C0 (4 bytes)
1772251738.538430 sending message 108 to peer 0000029EEF63E0C0 (44 bytes)
1772251738.538430 sending message 112 to peer 0000029EEF63E0C0 (5 bytes)
1772251738.538430 sending message 112 to peer 0000029EEF63E0C0 (6 bytes)
1772251738.538430 sending message 112 to peer 0000029EEF63E0C0 (5 bytes)
1772251738.538430 sending message 112 to peer 0000029EEF63E0C0 (5 bytes)
1772251738.538430 sending message 112 to peer 0000029EEF63E0C0 (6 bytes)
1772251738.538430 sending message 112 to peer 0000029EEF63E0C0 (7 bytes)
1772251738.538430 sending message 112 to peer 0000029EEF63E0C0 (11 bytes)
1772251738.538430 sending message 112 to peer 0000029EEF63E0C0 (8 bytes)
1772251738.538430 sending message 112 to peer 0000029EEF63E0C0 (9 bytes)
1772251738.538430 sending message 112 to peer 0000029EEF63E0C0 (12 bytes)
1772251738.538430 sending message 112 to peer 0000029EEF63E0C0 (21 bytes)
1772251738.538430 sending message 112 to peer 0000029EEF63E0C0 (7 bytes)
1772251738.538430 sending message 112 to peer 0000029EEF63E0C0 (13 bytes)
1772251738.538430 sending message 112 to peer 0000029EEF63E0C0 (7 bytes)
1772251738.538430 sending message 112 to peer 0000029EEF63E0C0 (13 bytes)
1772251738.538430 sending message 112 to peer 0000029EEF63E0C0 (9 bytes)
1772251738.538430 sending message 112 to peer 0000029EEF63E0C0 (13 bytes)
1772251738.538430 sending message 112 to peer 0000029EEF63E0C0 (9 bytes)
1772251738.538430 sending message 112 to peer 0000029EEF63E0C0 (13 bytes)
1772251738.538430 sending message 112 to peer 0000029EEF63E0C0 (9 bytes)
1772251738.538430 sending message 112 to peer 0000029EEF63E0C0 (15 bytes)
1772251738.538430 sending message 112 to peer 0000029EEF63E0C0 (21 bytes)
1772251738.538430 sending message 112 to peer 0000029EEF63E0C0 (14 bytes)
1772251738.538430 sending message 112 to peer 0000029EEF63E0C0 (6 bytes)
1772251738.538430 sending message 112 to peer 0000029EEF63E0C0 (6 bytes)
1772251738.538430 sending message 112 to peer 0000029EEF63E0C0 (13 bytes)
1772251738.538430 sending message 112 to peer 0000029EEF63E0C0 (14 bytes)
1772251738.538430 sending message 112 to peer 0000029EEF63E0C0 (7 bytes)
1772251738.538430 sending message 112 to peer 0000029EEF63E0C0 (7 bytes)
1772251738.538430 sending message 112 to peer 0000029EEF63E0C0 (9 bytes)
1772251738.538430 sending message 112 to peer 0000029EEF63E0C0 (13 bytes)
1772251738.538430 sending message 112 to peer 0000029EEF63E0C0 (9 bytes)
1772251738.538430 sending message 112 to peer 0000029EEF63E0C0 (13 bytes)
1772251738.538430 sending message 112 to peer 0000029EEF63E0C0 (8 bytes)
1772251738.538430 sending message 112 to peer 0000029EEF63E0C0 (12 bytes)
1772251738.538430 sending message 112 to peer 0000029EEF63E0C0 (13 bytes)
1772251738.538430 sending message 112 to peer 0000029EEF63E0C0 (8 bytes)
1772251738.538430 sending message 112 to peer 0000029EEF63E0C0 (12 bytes)
1772251738.538430 sending message 112 to peer 0000029EEF63E0C0 (10 bytes)
1772251738.538430 sending message 112 to peer 0000029EEF63E0C0 (9 bytes)
1772251738.538430 sending message 112 to peer 0000029EEF63E0C0 (10 bytes)
1772251738.538430 sending message 112 to peer 0000029EEF63E0C0 (10 bytes)
1772251738.538430 sending message 112 to peer 0000029EEF63E0C0 (11 bytes)
1772251738.538430 sending message 112 to peer 0000029EEF63E0C0 (9 bytes)
1772251738.538430 sending message 112 to peer 0000029EEF63E0C0 (11 bytes)
1772251738.538430 sending message 112 to peer 0000029EEF63E0C0 (10 bytes)
1772251738.538430 sending message 112 to peer 0000029EEF63E0C0 (12 bytes)
1772251738.538430 sending message 112 to peer 0000029EEF63E0C0 (11 bytes)
1772251738.538430 sending message 112 to peer 0000029EEF63E0C0 (11 bytes)
1772251738.538430 sending message 112 to peer 0000029EEF63E0C0 (11 bytes)
1772251738.538430 sending message 112 to peer 0000029EEF63E0C0 (69 bytes)
1772251738.538430 sending message 112 to peer 0000029EEF63E0C0 (70 bytes)
1772251738.538430 sending message 112 to peer 0000029EEF63E0C0 (12 bytes)
1772251738.538430 sending message 112 to peer 0000029EEF63E0C0 (13 bytes)
1772251738.538430 sending message 112 to peer 0000029EEF63E0C0 (19 bytes)
1772251738.538430 sending message 112 to peer 0000029EEF63E0C0 (16 bytes)
1772251738.538430 sending message 112 to peer 0000029EEF63E0C0 (24 bytes)
1772251738.538430 sending message 112 to peer 0000029EEF63E0C0 (24 bytes)
1772251738.538430 sending message 112 to peer 0000029EEF63E0C0 (13 bytes)
1772251738.538430 sending message 112 to peer 0000029EEF63E0C0 (13 bytes)
1772251738.538430 sending message 112 to peer 0000029EEF63E0C0 (5 bytes)
1772251738.538430 sending message 112 to peer 0000029EEF63E0C0 (9 bytes)
1772251738.538430 sending message 112 to peer 0000029EEF63E0C0 (7 bytes)
1772251738.538430 sending message 112 to peer 0000029EEF63E0C0 (6 bytes)
1772251738.538430 sending message 112 to peer 0000029EEF63E0C0 (5 bytes)
1772251738.538430 sending message 112 to peer 0000029EEF63E0C0 (8 bytes)
1772251738.538430 sending message 112 to peer 0000029EEF63E0C0 (7 bytes)
1772251738.538430 sending message 112 to peer 0000029EEF63E0C0 (10 bytes)
1772251738.538430 sending message 112 to peer 0000029EEF63E0C0 (10 bytes)
1772251738.538430 sending message 112 to peer 0000029EEF63E0C0 (58 bytes)
1772251738.538430 sending message 112 to peer 0000029EEF63E0C0 (9 bytes)
1772251738.538430 sending message 112 to peer 0000029EEF63E0C0 (6 bytes)
1772251738.538430 sending message 112 to peer 0000029EEF63E0C0 (10 bytes)
1772251738.538430 sending message 112 to peer 0000029EEF63E0C0 (10 bytes)
1772251738.538430 sending message 112 to peer 0000029EEF63E0C0 (10 bytes)
1772251738.538430 sending message 112 to peer 0000029EEF63E0C0 (10 bytes)
1772251738.538430 sending message 112 to peer 0000029EEF63E0C0 (6 bytes)
1772251738.538430 sending message 112 to peer 0000029EEF63E0C0 (11 bytes)
1772251738.538430 sending message 112 to peer 0000029EEF63E0C0 (10 bytes)
1772251738.538430 sending message 112 to peer 0000029EEF63E0C0 (9 bytes)
1772251738.539941 sending message 112 to peer 0000029EEF63E0C0 (9 bytes)
1772251738.539941 sending message 112 to peer 0000029EEF63E0C0 (9 bytes)
1772251738.539941 sending message 112 to peer 0000029EEF63E0C0 (11 bytes)
1772251738.539941 sending message 112 to peer 0000029EEF63E0C0 (9 bytes)
1772251738.539941 sending message 112 to peer 0000029EEF63E0C0 (8 bytes)
1772251738.539941 sending message 112 to peer 0000029EEF63E0C0 (8 bytes)
1772251738.539941 sending message 112 to peer 0000029EEF63E0C0 (8 bytes)
1772251738.539941 sending message 112 to peer 0000029EEF63E0C0 (8 bytes)
1772251738.539941 sending message 112 to peer 0000029EEF63E0C0 (10 bytes)
1772251738.539941 sending message 112 to peer 0000029EEF63E0C0 (10 bytes)
1772251738.539941 sending message 112 to peer 0000029EEF63E0C0 (10 bytes)
1772251738.539941 sending message 112 to peer 0000029EEF63E0C0 (10 bytes)
1772251738.539941 sending message 112 to peer 0000029EEF63E0C0 (10 bytes)
1772251738.539941 sending message 112 to peer 0000029EEF63E0C0 (11 bytes)
1772251738.539941 sending message 112 to peer 0000029EEF63E0C0 (11 bytes)
1772251738.539941 sending message 112 to peer 0000029EEF63E0C0 (11 bytes)
1772251738.539941 sending message 112 to peer 0000029EEF63E0C0 (14 bytes)
1772251738.539941 sending message 112 to peer 0000029EEF63E0C0 (14 bytes)
1772251738.539941 sending message 112 to peer 0000029EEF63E0C0 (14 bytes)
1772251738.539941 sending message 112 to peer 0000029EEF63E0C0 (14 bytes)
1772251738.539941 sending message 112 to peer 0000029EEF63E0C0 (15 bytes)
1772251738.539941 sending message 112 to peer 0000029EEF63E0C0 (15 bytes)
1772251738.539941 sending message 112 to peer 0000029EEF63E0C0 (13 bytes)
1772251738.539941 sending message 112 to peer 0000029EEF63E0C0 (9 bytes)
1772251738.539941 sending message 112 to peer 0000029EEF63E0C0 (21 bytes)
1772251738.539941 sending message 112 to peer 0000029EEF63E0C0 (9 bytes)
1772251738.539941 sending message 112 to peer 0000029EEF63E0C0 (12 bytes)
1772251738.539941 sending message 112 to peer 0000029EEF63E0C0 (12 bytes)
1772251738.539941 sending message 112 to peer 0000029EEF63E0C0 (22 bytes)
1772251738.539941 sending message 104 to peer 0000029EEF63E0C0 (0 bytes)
1772251738.539941 sending message 110 to peer 0000029EEF63E0C0 (0 bytes)
1772251738.539941 sending message 113 to peer 0000029EEF63E0C0 (65 bytes)
1772251738.539941 sending message 107 to peer 0000029EEF63E0C0 (4 bytes)
1772251738.539941 sending message 105 to peer 0000029EEF63E0C0 (31 bytes)
1772251738.539941 sending message 105 to peer 0000029EEF63E0C0 (58 bytes)
1772251738.539941 sending message 105 to peer 0000029EEF63E0C0 (43 bytes)
1772251738.539941 sending message 105 to peer 0000029EEF63E0C0 (44 bytes)
1772251738.540469 sending message 105 to peer 0000029EEF63E0C0 (44 bytes)
1772251738.540469 sending message 105 to peer 0000029EEF63E0C0 (23 bytes)
1772251738.540469 sending message 105 to peer 0000029EEF63E0C0 (53 bytes)
1772251738.540469 sending message 105 to peer 0000029EEF63E0C0 (49 bytes)
1772251738.540469 sending message 105 to peer 0000029EEF63E0C0 (60 bytes)
1772251738.540469 sending message 105 to peer 0000029EEF63E0C0 (49 bytes)
1772251738.540469 sending message 105 to peer 0000029EEF63E0C0 (22 bytes)
1772251738.540469 sending message 105 to peer 0000029EEF63E0C0 (36 bytes)
1772251738.540469 sending message 105 to peer 0000029EEF63E0C0 (39 bytes)
1772251738.540469 sending message 105 to peer 0000029EEF63E0C0 (50 bytes)
1772251738.540469 sending message 105 to peer 0000029EEF63E0C0 (26 bytes)
1772251738.540469 sending message 105 to peer 0000029EEF63E0C0 (17 bytes)
1772251738.540469 sending message 105 to peer 0000029EEF63E0C0 (13 bytes)
1772251738.540469 sending message 105 to peer 0000029EEF63E0C0 (26 bytes)
1772251738.540469 sending message 105 to peer 0000029EEF63E0C0 (47 bytes)
1772251738.540469 sending message 105 to peer 0000029EEF63E0C0 (46 bytes)
1772251738.540469 sending message 105 to peer 0000029EEF63E0C0 (23 bytes)
1772251738.540469 sending message 105 to peer 0000029EEF63E0C0 (56 bytes)
1772251738.540469 sending message 105 to peer 0000029EEF63E0C0 (23 bytes)
1772251738.540469 sending message 105 to peer 0000029EEF63E0C0 (46 bytes)
1772251738.540469 sending message 105 to peer 0000029EEF63E0C0 (28 bytes)
1772251738.540469 sending message 105 to peer 0000029EEF63E0C0 (93 bytes)
1772251738.540469 sending message 105 to peer 0000029EEF63E0C0 (103 bytes)
1772251738.540469 sending message 105 to peer 0000029EEF63E0C0 (14 bytes)
1772251738.540469 sending message 105 to peer 0000029EEF63E0C0 (3396 bytes)
1772251738.540469 sending message 105 to peer 0000029EEF63E0C0 (67 bytes)
1772251738.540469 sending message 105 to peer 0000029EEF63E0C0 (29 bytes)
1772251738.540469 sending message 105 to peer 0000029EEF63E0C0 (73 bytes)
1772251738.540469 sending message 105 to peer 0000029EEF63E0C0 (18 bytes)
1772251738.540469 sending message 105 to peer 0000029EEF63E0C0 (24 bytes)
1772251738.540469 sending message 105 to peer 0000029EEF63E0C0 (27 bytes)
1772251738.540469 sending message 105 to peer 0000029EEF63E0C0 (30 bytes)
1772251738.540469 sending message 105 to peer 0000029EEF63E0C0 (41 bytes)
1772251738.540469 sending message 105 to peer 0000029EEF63E0C0 (30 bytes)
1772251738.540469 sending message 105 to peer 0000029EEF63E0C0 (300 bytes)
1772251738.540469 sending message 105 to peer 0000029EEF63E0C0 (23 bytes)
1772251738.540469 sending message 105 to peer 0000029EEF63E0C0 (57 bytes)
1772251738.540469 sending message 105 to peer 0000029EEF63E0C0 (91 bytes)
1772251738.540469 sending message 105 to peer 0000029EEF63E0C0 (20 bytes)
1772251738.540469 sending message 105 to peer 0000029EEF63E0C0 (15 bytes)
1772251738.540469 sending message 105 to peer 0000029EEF63E0C0 (22 bytes)
1772251738.540469 sending message 105 to peer 0000029EEF63E0C0 (42 bytes)
1772251738.540469 sending message 105 to peer 0000029EEF63E0C0 (41 bytes)
1772251738.540469 sending message 105 to peer 0000029EEF63E0C0 (20 bytes)
1772251738.540469 sending message 105 to peer 0000029EEF63E0C0 (35 bytes)
1772251738.540469 sending message 105 to peer 0000029EEF63E0C0 (19 bytes)
1772251738.540469 sending message 105 to peer 0000029EEF63E0C0 (31 bytes)
1772251738.540469 sending message 105 to peer 0000029EEF63E0C0 (18 bytes)
1772251738.540469 sending message 105 to peer 0000029EEF63E0C0 (33 bytes)
1772251738.540469 sending message 105 to peer 0000029EEF63E0C0 (53 bytes)
1772251738.540469 sending message 105 to peer 0000029EEF63E0C0 (48 bytes)
1772251738.540469 sending message 105 to peer 0000029EEF63E0C0 (20 bytes)
1772251738.540469 sending message 106 to peer 0000029EEF63E0C0 (0 bytes)
1772251738.540469 sending message 208 to peer 0000029EEF63E0C0 (8 bytes)
1772251738.544767 cmd_pack_argv: argv[0]=new-session
1772251738.544767 cmd_pack_argv: argv[1]=-d
1772251738.544767 cmd_pack_argv: argv[2]=-s
1772251738.544767 cmd_pack_argv: argv[3]=ao-debug
1772251738.544767 cmd_pack_argv: argv[4]=powershell.exe
1772251738.544767 cmd_pack_argv: argv[5]=-NoLogo
1772251738.544767 cmd_pack_argv: argv[6]=-NoExit
1772251738.544767 sending message 200 to peer 0000029EEF63E0C0 (62 bytes)
1772251738.544767 client loop enter
1772251738.561586 peer 0000029EEF63E0C0 message 203
1772251738.561586 client loop exit
